Component: Arm Compiler for Embedded 6.19 Tool: armlink [5e73cb00]

==============================================================================

Section Cross References

    q1.o(RESET) refers to q1.o(myCode) for Reset_Handler
    q1.o(myCode) refers to q1.o(dataseg) for dst


==============================================================================

Image Symbol Table

    Local Symbols

    Symbol Name                              Value     Ov Type        Size  Object(Section)

    q1.s                                     0x00000000   Number         0  q1.o ABSOLUTE
    RESET                                    0x00000000   Section        8  q1.o(RESET)
    myCode                                   0x00000008   Section       36  q1.o(myCode)
    src                                      0x00000020   Data           4  q1.o(myCode)
    dst                                      0x10000000   Data           4  q1.o(dataseg)
    dataseg                                  0x10000000   Section        4  q1.o(dataseg)

    Global Symbols

    Symbol Name                              Value     Ov Type        Size  Object(Section)

    BuildAttributes$$THM_ISAv4$P$D$K$B$S$A:L22UL41UL21$X:L11$S22US41US21$IEEE1$~IW$USESV6$~STKCKD$USESV7$~SHL$OSPACE$EBA8$STANDARDLIB$PRES8$EABIv2 0x00000000   Number         0  anon$$obj.o ABSOLUTE
    __Vectors                                0x00000000   Data           0  q1.o(RESET)
    Reset_Handler                            0x00000009   Thumb Code     0  q1.o(myCode)



==============================================================================

Memory Map of the image

  Image Entry point : 0x00000009

  Load Region LR_1 (Base: 0x00000000, Size: 0x00000030, Max: 0xffffffff, ABSOLUTE)

    Execution Region ER_RO (Exec base: 0x00000000, Load base: 0x00000000, Size: 0x0000002c, Max: 0xffffffff, ABSOLUTE)

    Exec Addr    Load Addr    Size         Type   Attr      Idx    E Section Name        Object

    0x00000000   0x00000000   0x00000008   Code   RO            1    RESET               q1.o
    0x00000008   0x00000008   0x00000024   Code   RO            2  * myCode              q1.o


    Execution Region ER_RW (Exec base: 0x10000000, Load base: 0x0000002c, Size: 0x00000004, Max: 0xffffffff, ABSOLUTE)

    Exec Addr    Load Addr    Size         Type   Attr      Idx    E Section Name        Object

    0x10000000   0x0000002c   0x00000004   Data   RW            3    dataseg             q1.o


    Execution Region ER_ZI (Exec base: 0x10000004, Load base: 0x00000030, Size: 0x00000000, Max: 0xffffffff, ABSOLUTE)

    **** No section assigned to this execution region ****


==============================================================================

Image component sizes


      Code (inc. data)   RO Data    RW Data    ZI Data      Debug   Object Name

        44         22          0          4          0        348   q1.o

    ----------------------------------------------------------------------
        44         22          0          4          0        348   Object Totals
         0          0          0          0          0          0   (incl. Generated)
         0          0          0          0          0          0   (incl. Padding)

    ----------------------------------------------------------------------
         0          0          0          0          0          0   Library Totals
         0          0          0          0          0          0   (incl. Padding)

    ----------------------------------------------------------------------

==============================================================================


      Code (inc. data)   RO Data    RW Data    ZI Data      Debug   

        44         22          0          4          0        348   Grand Totals
        44         22          0          4          0        348   ELF Image Totals
        44         22          0          4          0          0   ROM Totals

==============================================================================

    Total RO  Size (Code + RO Data)                   44 (   0.04kB)
    Total RW  Size (RW Data + ZI Data)                 4 (   0.00kB)
    Total ROM Size (Code + RO Data + RW Data)         48 (   0.05kB)

==============================================================================

