Component: Arm Compiler for Embedded 6.19 Tool: armlink [5e73cb00]

==============================================================================

Section Cross References

    q2.o(RESET) refers to q2.o(myCode) for Reset_Handler
    q2.o(myCode) refers to q2.o(dataseg) for dst


==============================================================================

Image Symbol Table

    Local Symbols

    Symbol Name                              Value     Ov Type        Size  Object(Section)

    q2.asm                                   0x00000000   Number         0  q2.o ABSOLUTE
    RESET                                    0x00000000   Section        8  q2.o(RESET)
    myCode                                   0x00000008   Section       44  q2.o(myCode)
    src                                      0x00000028   Data           4  q2.o(myCode)
    dst                                      0x10000000   Data           4  q2.o(dataseg)
    dataseg                                  0x10000000   Section        4  q2.o(dataseg)

    Global Symbols

    Symbol Name                              Value     Ov Type        Size  Object(Section)

    BuildAttributes$$THM_ISAv4$P$D$K$B$S$A:L22UL41UL21$X:L11$S22US41US21$IEEE1$~IW$USESV6$~STKCKD$USESV7$~SHL$OSPACE$EBA8$STANDARDLIB$PRES8$EABIv2 0x00000000   Number         0  anon$$obj.o ABSOLUTE
    __Vectors                                0x00000000   Data           0  q2.o(RESET)
    Reset_Handler                            0x00000009   Thumb Code     0  q2.o(myCode)



==============================================================================

Memory Map of the image

  Image Entry point : 0x00000009

  Load Region LR_1 (Base: 0x00000000, Size: 0x00000038, Max: 0xffffffff, ABSOLUTE)

    Execution Region ER_RO (Exec base: 0x00000000, Load base: 0x00000000, Size: 0x00000034, Max: 0xffffffff, ABSOLUTE)

    Exec Addr    Load Addr    Size         Type   Attr      Idx    E Section Name        Object

    0x00000000   0x00000000   0x00000008   Code   RO            1    RESET               q2.o
    0x00000008   0x00000008   0x0000002c   Code   RO            2  * myCode              q2.o


    Execution Region ER_RW (Exec base: 0x10000000, Load base: 0x00000034, Size: 0x00000004, Max: 0xffffffff, ABSOLUTE)

    Exec Addr    Load Addr    Size         Type   Attr      Idx    E Section Name        Object

    0x10000000   0x00000034   0x00000004   Data   RW            3    dataseg             q2.o


    Execution Region ER_ZI (Exec base: 0x10000004, Load base: 0x00000038, Size: 0x00000000, Max: 0xffffffff, ABSOLUTE)

    **** No section assigned to this execution region ****


==============================================================================

Image component sizes


      Code (inc. data)   RO Data    RW Data    ZI Data      Debug   Object Name

        52         22          0          4          0        360   q2.o

    ----------------------------------------------------------------------
        52         22          0          4          0        360   Object Totals
         0          0          0          0          0          0   (incl. Generated)
         0          0          0          0          0          0   (incl. Padding)

    ----------------------------------------------------------------------
         0          0          0          0          0          0   Library Totals
         0          0          0          0          0          0   (incl. Padding)

    ----------------------------------------------------------------------

==============================================================================


      Code (inc. data)   RO Data    RW Data    ZI Data      Debug   

        52         22          0          4          0        360   Grand Totals
        52         22          0          4          0        360   ELF Image Totals
        52         22          0          4          0          0   ROM Totals

==============================================================================

    Total RO  Size (Code + RO Data)                   52 (   0.05kB)
    Total RW  Size (RW Data + ZI Data)                 4 (   0.00kB)
    Total ROM Size (Code + RO Data + RW Data)         56 (   0.05kB)

==============================================================================

