ARM Linker, 5.03 [Build 24] [MDK-ARM Lite]

==============================================================================

Section Cross References

    familair2.o(RESET) refers to familair2.o(mycode) for Reset_Handler
    familair2.o(mycode) refers to familair2.o(mydata) for SRC


==============================================================================

Image Symbol Table

    Local Symbols

    Symbol Name                              Value     Ov Type        Size  Object(Section)

    RESET                                    0x00000000   Section        8  familair2.o(RESET)
    familair2.asm                            0x00000000   Number         0  familair2.o ABSOLUTE
    mycode                                   0x00000008   Section       36  familair2.o(mycode)
    DST                                      0x00000018   Data          12  familair2.o(mycode)
    mydata                                   0x10000000   Section        4  familair2.o(mydata)
    SRC                                      0x10000000   Data           4  familair2.o(mydata)

    Global Symbols

    Symbol Name                              Value     Ov Type        Size  Object(Section)

    BuildAttributes$$THM_ISAv4$P$D$K$B$S$PE$A:L22UL41UL21$X:L11$S22US41US21$IEEE1$IW$USESV6$~STKCKD$USESV7$~SHL$OSPACE$EBA8$STANDARDLIB$PRES8$EABIv2 0x00000000   Number         0  anon$$obj.o ABSOLUTE
    __Vectors                                0x00000000   Data           0  familair2.o(RESET)
    Reset_Handler                            0x00000009   Thumb Code     0  familair2.o(mycode)



==============================================================================

Memory Map of the image

  Image Entry point : 0x00000009

  Load Region LR_1 (Base: 0x00000000, Size: 0x00000030, Max: 0xffffffff, ABSOLUTE)

    Execution Region ER_RO (Base: 0x00000000, Size: 0x0000002c, Max: 0xffffffff, ABSOLUTE)

    Base Addr    Size         Type   Attr      Idx    E Section Name        Object

    0x00000000   0x00000008   Data   RO            1    RESET               familair2.o
    0x00000008   0x00000024   Code   RO            2  * mycode              familair2.o


    Execution Region ER_RW (Base: 0x10000000, Size: 0x00000004, Max: 0xffffffff, ABSOLUTE)

    Base Addr    Size         Type   Attr      Idx    E Section Name        Object

    0x10000000   0x00000004   Data   RW            3    mydata              familair2.o


    Execution Region ER_ZI (Base: 0x10000004, Size: 0x00000000, Max: 0xffffffff, ABSOLUTE)

    **** No section assigned to this execution region ****


==============================================================================

Image component sizes


      Code (inc. data)   RO Data    RW Data    ZI Data      Debug   Object Name

        36         22          8          4          0        196   familair2.o

    ----------------------------------------------------------------------
        36         22          8          4          0        196   Object Totals
         0          0          0          0          0          0   (incl. Generated)
         0          0          0          0          0          0   (incl. Padding)

    ----------------------------------------------------------------------
         0          0          0          0          0          0   Library Totals
         0          0          0          0          0          0   (incl. Padding)

    ----------------------------------------------------------------------

==============================================================================


      Code (inc. data)   RO Data    RW Data    ZI Data      Debug   

        36         22          8          4          0        196   Grand Totals
        36         22          8          4          0        196   ELF Image Totals
        36         22          8          4          0          0   ROM Totals

==============================================================================

    Total RO  Size (Code + RO Data)                   44 (   0.04kB)
    Total RW  Size (RW Data + ZI Data)                 4 (   0.00kB)
    Total ROM Size (Code + RO Data + RW Data)         48 (   0.05kB)

==============================================================================

