Component: Arm Compiler for Embedded 6.19 Tool: armlink [5e73cb00]

==============================================================================

Section Cross References

    addbcd.o(RESET) refers to addbcd.o(mycode) for Reset_Handler
    addbcd.o(mycode) refers to addbcd.o(DATASEG) for dst


==============================================================================

Image Symbol Table

    Local Symbols

    Symbol Name                              Value     Ov Type        Size  Object(Section)

    addbcd.asm                               0x00000000   Number         0  addbcd.o ABSOLUTE
    RESET                                    0x00000000   Section        8  addbcd.o(RESET)
    mycode                                   0x00000008   Section      188  addbcd.o(mycode)
    src                                      0x00000094   Data          40  addbcd.o(mycode)
    dst                                      0x10000000   Data           4  addbcd.o(DATASEG)
    DATASEG                                  0x10000000   Section        4  addbcd.o(DATASEG)

    Global Symbols

    Symbol Name                              Value     Ov Type        Size  Object(Section)

    BuildAttributes$$THM_ISAv4$P$D$K$B$S$A:L22UL41UL21$X:L11$S22US41US21$IEEE1$~IW$USESV6$~STKCKD$USESV7$~SHL$OSPACE$EBA8$STANDARDLIB$EABIv2 0x00000000   Number         0  anon$$obj.o ABSOLUTE
    __Vectors                                0x00000000   Data           0  addbcd.o(RESET)
    Reset_Handler                            0x00000009   Thumb Code     0  addbcd.o(mycode)



==============================================================================

Memory Map of the image

  Image Entry point : 0x00000009

  Load Region LR_1 (Base: 0x00000000, Size: 0x000000c8, Max: 0xffffffff, ABSOLUTE)

    Execution Region ER_RO (Exec base: 0x00000000, Load base: 0x00000000, Size: 0x000000c4, Max: 0xffffffff, ABSOLUTE)

    Exec Addr    Load Addr    Size         Type   Attr      Idx    E Section Name        Object

    0x00000000   0x00000000   0x00000008   Data   RO            1    RESET               addbcd.o
    0x00000008   0x00000008   0x000000bc   Code   RO            2  * mycode              addbcd.o


    Execution Region ER_RW (Exec base: 0x10000000, Load base: 0x000000c4, Size: 0x00000004, Max: 0xffffffff, ABSOLUTE)

    Exec Addr    Load Addr    Size         Type   Attr      Idx    E Section Name        Object

    0x10000000   0x000000c4   0x00000004   Data   RW            3    DATASEG             addbcd.o


    Execution Region ER_ZI (Exec base: 0x10000004, Load base: 0x000000c8, Size: 0x00000000, Max: 0xffffffff, ABSOLUTE)

    **** No section assigned to this execution region ****


==============================================================================

Image component sizes


      Code (inc. data)   RO Data    RW Data    ZI Data      Debug   Object Name

       188         48          8          4          0        260   addbcd.o

    ----------------------------------------------------------------------
       188         48          8          4          0        260   Object Totals
         0          0          0          0          0          0   (incl. Generated)
         0          0          0          0          0          0   (incl. Padding)

    ----------------------------------------------------------------------
         0          0          0          0          0          0   Library Totals
         0          0          0          0          0          0   (incl. Padding)

    ----------------------------------------------------------------------

==============================================================================


      Code (inc. data)   RO Data    RW Data    ZI Data      Debug   

       188         48          8          4          0        260   Grand Totals
       188         48          8          4          0        260   ELF Image Totals
       188         48          8          4          0          0   ROM Totals

==============================================================================

    Total RO  Size (Code + RO Data)                  196 (   0.19kB)
    Total RW  Size (RW Data + ZI Data)                 4 (   0.00kB)
    Total ROM Size (Code + RO Data + RW Data)        200 (   0.20kB)

==============================================================================

