Component: Arm Compiler for Embedded 6.19 Tool: armlink [5e73cb00]

==============================================================================

Section Cross References

    bcd2hex_1.o(RESET) refers to bcd2hex_1.o(mycode) for Reset_Handler
    bcd2hex_1.o(mycode) refers to bcd2hex_1.o(DATASEG) for dst


==============================================================================

Image Symbol Table

    Local Symbols

    Symbol Name                              Value     Ov Type        Size  Object(Section)

    bcd2hex_1.asm                            0x00000000   Number         0  bcd2hex_1.o ABSOLUTE
    RESET                                    0x00000000   Section        8  bcd2hex_1.o(RESET)
    mycode                                   0x00000008   Section       56  bcd2hex_1.o(mycode)
    num                                      0x00000034   Data           4  bcd2hex_1.o(mycode)
    dst                                      0x10000000   Data           4  bcd2hex_1.o(DATASEG)
    DATASEG                                  0x10000000   Section        4  bcd2hex_1.o(DATASEG)

    Global Symbols

    Symbol Name                              Value     Ov Type        Size  Object(Section)

    BuildAttributes$$THM_ISAv4$P$D$K$B$S$A:L22UL41UL21$X:L11$S22US41US21$IEEE1$~IW$USESV6$~STKCKD$USESV7$~SHL$OSPACE$EBA8$STANDARDLIB$PRES8$EABIv2 0x00000000   Number         0  anon$$obj.o ABSOLUTE
    __Vectors                                0x00000000   Data           0  bcd2hex_1.o(RESET)
    Reset_Handler                            0x00000009   Thumb Code     0  bcd2hex_1.o(mycode)



==============================================================================

Memory Map of the image

  Image Entry point : 0x00000009

  Load Region LR_1 (Base: 0x00000000, Size: 0x00000044, Max: 0xffffffff, ABSOLUTE)

    Execution Region ER_RO (Exec base: 0x00000000, Load base: 0x00000000, Size: 0x00000040, Max: 0xffffffff, ABSOLUTE)

    Exec Addr    Load Addr    Size         Type   Attr      Idx    E Section Name        Object

    0x00000000   0x00000000   0x00000008   Data   RO            1    RESET               bcd2hex_1.o
    0x00000008   0x00000008   0x00000038   Code   RO            2  * mycode              bcd2hex_1.o


    Execution Region ER_RW (Exec base: 0x10000000, Load base: 0x00000040, Size: 0x00000004, Max: 0xffffffff, ABSOLUTE)

    Exec Addr    Load Addr    Size         Type   Attr      Idx    E Section Name        Object

    0x10000000   0x00000040   0x00000004   Data   RW            3    DATASEG             bcd2hex_1.o


    Execution Region ER_ZI (Exec base: 0x10000004, Load base: 0x00000044, Size: 0x00000000, Max: 0xffffffff, ABSOLUTE)

    **** No section assigned to this execution region ****


==============================================================================

Image component sizes


      Code (inc. data)   RO Data    RW Data    ZI Data      Debug   Object Name

        56         14          8          4          0        236   bcd2hex_1.o

    ----------------------------------------------------------------------
        56         14          8          4          0        236   Object Totals
         0          0          0          0          0          0   (incl. Generated)
         0          0          0          0          0          0   (incl. Padding)

    ----------------------------------------------------------------------
         0          0          0          0          0          0   Library Totals
         0          0          0          0          0          0   (incl. Padding)

    ----------------------------------------------------------------------

==============================================================================


      Code (inc. data)   RO Data    RW Data    ZI Data      Debug   

        56         14          8          4          0        236   Grand Totals
        56         14          8          4          0        236   ELF Image Totals
        56         14          8          4          0          0   ROM Totals

==============================================================================

    Total RO  Size (Code + RO Data)                   64 (   0.06kB)
    Total RW  Size (RW Data + ZI Data)                 4 (   0.00kB)
    Total ROM Size (Code + RO Data + RW Data)         68 (   0.07kB)

==============================================================================

