Component: Arm Compiler for Embedded 6.19 Tool: armlink [5e73cb00]

==============================================================================

Section Cross References

    factorial.o(RESET) refers to factorial.o(mycode) for Reset_Handler
    factorial.o(mycode) refers to factorial.o(DATASEG) for dst


==============================================================================

Image Symbol Table

    Local Symbols

    Symbol Name                              Value     Ov Type        Size  Object(Section)

    factorial.asm                            0x00000000   Number         0  factorial.o ABSOLUTE
    RESET                                    0x00000000   Section        8  factorial.o(RESET)
    mycode                                   0x00000008   Section       64  factorial.o(mycode)
    src                                      0x0000003c   Data           4  factorial.o(mycode)
    dst                                      0x10000000   Data           4  factorial.o(DATASEG)
    DATASEG                                  0x10000000   Section        4  factorial.o(DATASEG)

    Global Symbols

    Symbol Name                              Value     Ov Type        Size  Object(Section)

    BuildAttributes$$THM_ISAv4$P$D$K$B$S$A:L22UL41UL21$X:L11$S22US41US21$IEEE1$~IW$USESV6$~STKCKD$USESV7$~SHL$OSPACE$EBA8$STANDARDLIB$EABIv2 0x00000000   Number         0  anon$$obj.o ABSOLUTE
    __Vectors                                0x00000000   Data           0  factorial.o(RESET)
    Reset_Handler                            0x00000009   Thumb Code     0  factorial.o(mycode)



==============================================================================

Memory Map of the image

  Image Entry point : 0x00000009

  Load Region LR_1 (Base: 0x00000000, Size: 0x0000004c, Max: 0xffffffff, ABSOLUTE)

    Execution Region ER_RO (Exec base: 0x00000000, Load base: 0x00000000, Size: 0x00000048, Max: 0xffffffff, ABSOLUTE)

    Exec Addr    Load Addr    Size         Type   Attr      Idx    E Section Name        Object

    0x00000000   0x00000000   0x00000008   Data   RO            1    RESET               factorial.o
    0x00000008   0x00000008   0x00000040   Code   RO            2  * mycode              factorial.o


    Execution Region ER_RW (Exec base: 0x10000000, Load base: 0x00000048, Size: 0x00000004, Max: 0xffffffff, ABSOLUTE)

    Exec Addr    Load Addr    Size         Type   Attr      Idx    E Section Name        Object

    0x10000000   0x00000048   0x00000004   Data   RW            3    DATASEG             factorial.o


    Execution Region ER_ZI (Exec base: 0x10000004, Load base: 0x0000004c, Size: 0x00000000, Max: 0xffffffff, ABSOLUTE)

    **** No section assigned to this execution region ****


==============================================================================

Image component sizes


      Code (inc. data)   RO Data    RW Data    ZI Data      Debug   Object Name

        64         14          8          4          0        236   factorial.o

    ----------------------------------------------------------------------
        64         14          8          4          0        236   Object Totals
         0          0          0          0          0          0   (incl. Generated)
         0          0          0          0          0          0   (incl. Padding)

    ----------------------------------------------------------------------
         0          0          0          0          0          0   Library Totals
         0          0          0          0          0          0   (incl. Padding)

    ----------------------------------------------------------------------

==============================================================================


      Code (inc. data)   RO Data    RW Data    ZI Data      Debug   

        64         14          8          4          0        236   Grand Totals
        64         14          8          4          0        236   ELF Image Totals
        64         14          8          4          0          0   ROM Totals

==============================================================================

    Total RO  Size (Code + RO Data)                   72 (   0.07kB)
    Total RW  Size (RW Data + ZI Data)                 4 (   0.00kB)
    Total ROM Size (Code + RO Data + RW Data)         76 (   0.07kB)

==============================================================================

