Component: Arm Compiler for Embedded 6.19 Tool: armlink [5e73cb00]

==============================================================================

Section Cross References

    gcd.o(RESET) refers to gcd.o(mycode) for Reset_Handler
    gcd.o(mycode) refers to gcd.o(dataseg) for ans


==============================================================================

Image Symbol Table

    Local Symbols

    Symbol Name                              Value     Ov Type        Size  Object(Section)

    gcd.asm                                  0x00000000   Number         0  gcd.o ABSOLUTE
    RESET                                    0x00000000   Section        8  gcd.o(RESET)
    mycode                                   0x00000008   Section       60  gcd.o(mycode)
    num1                                     0x00000030   Data           4  gcd.o(mycode)
    num2                                     0x00000034   Data           4  gcd.o(mycode)
    ans                                      0x10000000   Data           4  gcd.o(dataseg)
    dataseg                                  0x10000000   Section        4  gcd.o(dataseg)

    Global Symbols

    Symbol Name                              Value     Ov Type        Size  Object(Section)

    BuildAttributes$$THM_ISAv4$P$D$K$B$S$A:L22UL41UL21$X:L11$S22US41US21$IEEE1$~IW$USESV6$~STKCKD$USESV7$~SHL$OSPACE$EBA8$STANDARDLIB$PRES8$EABIv2 0x00000000   Number         0  anon$$obj.o ABSOLUTE
    __Vectors                                0x00000000   Data           0  gcd.o(RESET)
    Reset_Handler                            0x00000009   Thumb Code     0  gcd.o(mycode)



==============================================================================

Memory Map of the image

  Image Entry point : 0x00000009

  Load Region LR_1 (Base: 0x00000000, Size: 0x00000048, Max: 0xffffffff, ABSOLUTE)

    Execution Region ER_RO (Exec base: 0x00000000, Load base: 0x00000000, Size: 0x00000044, Max: 0xffffffff, ABSOLUTE)

    Exec Addr    Load Addr    Size         Type   Attr      Idx    E Section Name        Object

    0x00000000   0x00000000   0x00000008   Data   RO            1    RESET               gcd.o
    0x00000008   0x00000008   0x0000003c   Code   RO            2  * mycode              gcd.o


    Execution Region ER_RW (Exec base: 0x10000000, Load base: 0x00000044, Size: 0x00000004, Max: 0xffffffff, ABSOLUTE)

    Exec Addr    Load Addr    Size         Type   Attr      Idx    E Section Name        Object

    0x10000000   0x00000044   0x00000004   Data   RW            3    dataseg             gcd.o


    Execution Region ER_ZI (Exec base: 0x10000004, Load base: 0x00000048, Size: 0x00000000, Max: 0xffffffff, ABSOLUTE)

    **** No section assigned to this execution region ****


==============================================================================

Image component sizes


      Code (inc. data)   RO Data    RW Data    ZI Data      Debug   Object Name

        60         22          8          4          0        224   gcd.o

    ----------------------------------------------------------------------
        60         22          8          4          0        224   Object Totals
         0          0          0          0          0          0   (incl. Generated)
         0          0          0          0          0          0   (incl. Padding)

    ----------------------------------------------------------------------
         0          0          0          0          0          0   Library Totals
         0          0          0          0          0          0   (incl. Padding)

    ----------------------------------------------------------------------

==============================================================================


      Code (inc. data)   RO Data    RW Data    ZI Data      Debug   

        60         22          8          4          0        224   Grand Totals
        60         22          8          4          0        224   ELF Image Totals
        60         22          8          4          0          0   ROM Totals

==============================================================================

    Total RO  Size (Code + RO Data)                   68 (   0.07kB)
    Total RW  Size (RW Data + ZI Data)                 4 (   0.00kB)
    Total ROM Size (Code + RO Data + RW Data)         72 (   0.07kB)

==============================================================================

