Component: Arm Compiler for Embedded 6.19 Tool: armlink [5e73cb00]

==============================================================================

Section Cross References

    hex2bcd.o(RESET) refers to hex2bcd.o(mycode) for Reset_Handler
    hex2bcd.o(mycode) refers to hex2bcd.o(DATASEG) for dst


==============================================================================

Image Symbol Table

    Local Symbols

    Symbol Name                              Value     Ov Type        Size  Object(Section)

    hex2bcd.asm                              0x00000000   Number         0  hex2bcd.o ABSOLUTE
    RESET                                    0x00000000   Section        8  hex2bcd.o(RESET)
    mycode                                   0x00000008   Section       80  hex2bcd.o(mycode)
    num                                      0x0000004c   Data           4  hex2bcd.o(mycode)
    dst                                      0x10000000   Data           4  hex2bcd.o(DATASEG)
    DATASEG                                  0x10000000   Section        4  hex2bcd.o(DATASEG)

    Global Symbols

    Symbol Name                              Value     Ov Type        Size  Object(Section)

    BuildAttributes$$THM_ISAv4$P$D$K$B$S$A:L22UL41UL21$X:L11$S22US41US21$IEEE1$~IW$USESV6$~STKCKD$USESV7$~SHL$OSPACE$EBA8$STANDARDLIB$PRES8$EABIv2 0x00000000   Number         0  anon$$obj.o ABSOLUTE
    __Vectors                                0x00000000   Data           0  hex2bcd.o(RESET)
    Reset_Handler                            0x00000009   Thumb Code     0  hex2bcd.o(mycode)



==============================================================================

Memory Map of the image

  Image Entry point : 0x00000009

  Load Region LR_1 (Base: 0x00000000, Size: 0x0000005c, Max: 0xffffffff, ABSOLUTE)

    Execution Region ER_RO (Exec base: 0x00000000, Load base: 0x00000000, Size: 0x00000058, Max: 0xffffffff, ABSOLUTE)

    Exec Addr    Load Addr    Size         Type   Attr      Idx    E Section Name        Object

    0x00000000   0x00000000   0x00000008   Data   RO            1    RESET               hex2bcd.o
    0x00000008   0x00000008   0x00000050   Code   RO            2  * mycode              hex2bcd.o


    Execution Region ER_RW (Exec base: 0x10000000, Load base: 0x00000058, Size: 0x00000004, Max: 0xffffffff, ABSOLUTE)

    Exec Addr    Load Addr    Size         Type   Attr      Idx    E Section Name        Object

    0x10000000   0x00000058   0x00000004   Data   RW            3    DATASEG             hex2bcd.o


    Execution Region ER_ZI (Exec base: 0x10000004, Load base: 0x0000005c, Size: 0x00000000, Max: 0xffffffff, ABSOLUTE)

    **** No section assigned to this execution region ****


==============================================================================

Image component sizes


      Code (inc. data)   RO Data    RW Data    ZI Data      Debug   Object Name

        80         12          8          4          0        240   hex2bcd.o

    ----------------------------------------------------------------------
        80         12          8          4          0        240   Object Totals
         0          0          0          0          0          0   (incl. Generated)
         0          0          0          0          0          0   (incl. Padding)

    ----------------------------------------------------------------------
         0          0          0          0          0          0   Library Totals
         0          0          0          0          0          0   (incl. Padding)

    ----------------------------------------------------------------------

==============================================================================


      Code (inc. data)   RO Data    RW Data    ZI Data      Debug   

        80         12          8          4          0        240   Grand Totals
        80         12          8          4          0        240   ELF Image Totals
        80         12          8          4          0          0   ROM Totals

==============================================================================

    Total RO  Size (Code + RO Data)                   88 (   0.09kB)
    Total RW  Size (RW Data + ZI Data)                 4 (   0.00kB)
    Total ROM Size (Code + RO Data + RW Data)         92 (   0.09kB)

==============================================================================

