Component: Arm Compiler for Embedded 6.19 Tool: armlink [5e73cb00]

==============================================================================

Section Cross References

    lcm.o(RESET) refers to lcm.o(mycode) for Reset_Handler
    lcm.o(mycode) refers to lcm.o(dataseg) for ans


==============================================================================

Image Symbol Table

    Local Symbols

    Symbol Name                              Value     Ov Type        Size  Object(Section)

    lcm.asm                                  0x00000000   Number         0  lcm.o ABSOLUTE
    RESET                                    0x00000000   Section        8  lcm.o(RESET)
    mycode                                   0x00000008   Section       92  lcm.o(mycode)
    num1                                     0x00000050   Data           4  lcm.o(mycode)
    num2                                     0x00000054   Data           4  lcm.o(mycode)
    ans                                      0x10000000   Data           4  lcm.o(dataseg)
    dataseg                                  0x10000000   Section        4  lcm.o(dataseg)

    Global Symbols

    Symbol Name                              Value     Ov Type        Size  Object(Section)

    BuildAttributes$$THM_ISAv4$P$D$K$B$S$A:L22UL41UL21$X:L11$S22US41US21$IEEE1$~IW$USESV6$~STKCKD$USESV7$~SHL$OSPACE$EBA8$STANDARDLIB$PRES8$EABIv2 0x00000000   Number         0  anon$$obj.o ABSOLUTE
    __Vectors                                0x00000000   Data           0  lcm.o(RESET)
    Reset_Handler                            0x00000009   Thumb Code     0  lcm.o(mycode)



==============================================================================

Memory Map of the image

  Image Entry point : 0x00000009

  Load Region LR_1 (Base: 0x00000000, Size: 0x00000068, Max: 0xffffffff, ABSOLUTE)

    Execution Region ER_RO (Exec base: 0x00000000, Load base: 0x00000000, Size: 0x00000064, Max: 0xffffffff, ABSOLUTE)

    Exec Addr    Load Addr    Size         Type   Attr      Idx    E Section Name        Object

    0x00000000   0x00000000   0x00000008   Data   RO            1    RESET               lcm.o
    0x00000008   0x00000008   0x0000005c   Code   RO            2  * mycode              lcm.o


    Execution Region ER_RW (Exec base: 0x10000000, Load base: 0x00000064, Size: 0x00000004, Max: 0xffffffff, ABSOLUTE)

    Exec Addr    Load Addr    Size         Type   Attr      Idx    E Section Name        Object

    0x10000000   0x00000064   0x00000004   Data   RW            3    dataseg             lcm.o


    Execution Region ER_ZI (Exec base: 0x10000004, Load base: 0x00000068, Size: 0x00000000, Max: 0xffffffff, ABSOLUTE)

    **** No section assigned to this execution region ****


==============================================================================

Image component sizes


      Code (inc. data)   RO Data    RW Data    ZI Data      Debug   Object Name

        92         22          8          4          0        236   lcm.o

    ----------------------------------------------------------------------
        92         22          8          4          0        236   Object Totals
         0          0          0          0          0          0   (incl. Generated)
         0          0          0          0          0          0   (incl. Padding)

    ----------------------------------------------------------------------
         0          0          0          0          0          0   Library Totals
         0          0          0          0          0          0   (incl. Padding)

    ----------------------------------------------------------------------

==============================================================================


      Code (inc. data)   RO Data    RW Data    ZI Data      Debug   

        92         22          8          4          0        236   Grand Totals
        92         22          8          4          0        236   ELF Image Totals
        92         22          8          4          0          0   ROM Totals

==============================================================================

    Total RO  Size (Code + RO Data)                  100 (   0.10kB)
    Total RW  Size (RW Data + ZI Data)                 4 (   0.00kB)
    Total ROM Size (Code + RO Data + RW Data)        104 (   0.10kB)

==============================================================================

