Component: Arm Compiler for Embedded 6.19 Tool: armlink [5e73cb00]

==============================================================================

Section Cross References

    sorting.o(RESET) refers to sorting.o(mycode) for Reset_Handler
    sorting.o(mycode) refers to sorting.o(DATASEG) for arr


==============================================================================

Image Symbol Table

    Local Symbols

    Symbol Name                              Value     Ov Type        Size  Object(Section)

    sorting.asm                              0x00000000   Number         0  sorting.o ABSOLUTE
    RESET                                    0x00000000   Section        8  sorting.o(RESET)
    mycode                                   0x00000008   Section      132  sorting.o(mycode)
    src                                      0x0000005c   Data          40  sorting.o(mycode)
    arr                                      0x10000000   Data           4  sorting.o(DATASEG)
    DATASEG                                  0x10000000   Section        4  sorting.o(DATASEG)

    Global Symbols

    Symbol Name                              Value     Ov Type        Size  Object(Section)

    BuildAttributes$$THM_ISAv4$P$D$K$B$S$A:L22UL41UL21$X:L11$S22US41US21$IEEE1$~IW$USESV6$~STKCKD$USESV7$~SHL$OSPACE$EBA8$STANDARDLIB$PRES8$EABIv2 0x00000000   Number         0  anon$$obj.o ABSOLUTE
    __Vectors                                0x00000000   Data           0  sorting.o(RESET)
    Reset_Handler                            0x00000009   Thumb Code     0  sorting.o(mycode)



==============================================================================

Memory Map of the image

  Image Entry point : 0x00000009

  Load Region LR_1 (Base: 0x00000000, Size: 0x00000090, Max: 0xffffffff, ABSOLUTE)

    Execution Region ER_RO (Exec base: 0x00000000, Load base: 0x00000000, Size: 0x0000008c, Max: 0xffffffff, ABSOLUTE)

    Exec Addr    Load Addr    Size         Type   Attr      Idx    E Section Name        Object

    0x00000000   0x00000000   0x00000008   Data   RO            1    RESET               sorting.o
    0x00000008   0x00000008   0x00000084   Code   RO            2  * mycode              sorting.o


    Execution Region ER_RW (Exec base: 0x10000000, Load base: 0x0000008c, Size: 0x00000004, Max: 0xffffffff, ABSOLUTE)

    Exec Addr    Load Addr    Size         Type   Attr      Idx    E Section Name        Object

    0x10000000   0x0000008c   0x00000004   Data   RW            3    DATASEG             sorting.o


    Execution Region ER_ZI (Exec base: 0x10000004, Load base: 0x00000090, Size: 0x00000000, Max: 0xffffffff, ABSOLUTE)

    **** No section assigned to this execution region ****


==============================================================================

Image component sizes


      Code (inc. data)   RO Data    RW Data    ZI Data      Debug   Object Name

       132         50          8          4          0        244   sorting.o

    ----------------------------------------------------------------------
       132         50          8          4          0        244   Object Totals
         0          0          0          0          0          0   (incl. Generated)
         0          0          0          0          0          0   (incl. Padding)

    ----------------------------------------------------------------------
         0          0          0          0          0          0   Library Totals
         0          0          0          0          0          0   (incl. Padding)

    ----------------------------------------------------------------------

==============================================================================


      Code (inc. data)   RO Data    RW Data    ZI Data      Debug   

       132         50          8          4          0        244   Grand Totals
       132         50          8          4          0        244   ELF Image Totals
       132         50          8          4          0          0   ROM Totals

==============================================================================

    Total RO  Size (Code + RO Data)                  140 (   0.14kB)
    Total RW  Size (RW Data + ZI Data)                 4 (   0.00kB)
    Total ROM Size (Code + RO Data + RW Data)        144 (   0.14kB)

==============================================================================

