


ARM Macro Assembler    Page 1 


    1 00000000                 AREA             RESET,CODE,READONLY
    2 00000000                 EXPORT           __Vectors
    3 00000000         __Vectors
    4 00000000 40001000        DCD              0x40001000
    5 00000004 00000000        DCD              Reset_Handler
    6 00000008                 ALIGN
    7 00000008                 AREA             mycode,CODE,READONLY
    8 00000000                 ENTRY
    9 00000000                 EXPORT           Reset_Handler
   10 00000000         Reset_Handler
   11 00000000 4806            LDR              r0,=(src+(4*10-4))
   12 00000002 4907            LDR              r1,=src
   13 00000004 F04F 0205       MOV              r2,#5
   14 00000008 6803    up      LDR              r3,[r0]
   15 0000000A 600B            STR              r3,[r1]
   16 0000000C F1A0 0004       SUB              r0,#4
   17 00000010 F101 0104       ADD              r1,#04
   18 00000014 3A01            SUBS             r2,#01
   19 00000016 D1F7            BNE              up
   20 00000018 E7FE    stop    b                stop
   21 0000001A 00 00 00000024 
              00000000         AREA             dataseg,DATA,READWRITE
   22 00000000 00000000 
              00000000 
              00000000 
              00000000 
              00000000 
              00000000 
              00000000 
              00000000 
              00000000 
              00000000 src     DCD              0x0,0x0,0x0,0x0,0x0,0x0,0x0,0x0
,0x0,0x0
   23 00000028                 END
Command Line: --debug --xref --cpu=Cortex-M3 --apcs=interwork --depend=q3(rever
se).d -oq3(reverse).o -IC:\Keil\ARM\RV31\INC -IC:\Keil\ARM\CMSIS\Include -IC:\K
eil\ARM\Inc\NXP\LPC17xx --predefine="__EVAL SETA 1" --list=q3(reverse).lst q3(r
everse).asm



ARM Macro Assembler    Page 1 Alphabetic symbol ordering
Relocatable symbols

RESET 00000000

Symbol: RESET
   Definitions
      At line 1 in file q3(reverse).asm
   Uses
      None
Comment: RESET unused
__Vectors 00000000

Symbol: __Vectors
   Definitions
      At line 3 in file q3(reverse).asm
   Uses
      At line 2 in file q3(reverse).asm
Comment: __Vectors used once
2 symbols



ARM Macro Assembler    Page 1 Alphabetic symbol ordering
Relocatable symbols

Reset_Handler 00000000

Symbol: Reset_Handler
   Definitions
      At line 10 in file q3(reverse).asm
   Uses
      At line 5 in file q3(reverse).asm
      At line 9 in file q3(reverse).asm

mycode 00000000

Symbol: mycode
   Definitions
      At line 7 in file q3(reverse).asm
   Uses
      None
Comment: mycode unused
stop 00000018

Symbol: stop
   Definitions
      At line 20 in file q3(reverse).asm
   Uses
      At line 20 in file q3(reverse).asm
Comment: stop used once
up 00000008

Symbol: up
   Definitions
      At line 14 in file q3(reverse).asm
   Uses
      At line 19 in file q3(reverse).asm
Comment: up used once
4 symbols



ARM Macro Assembler    Page 1 Alphabetic symbol ordering
Relocatable symbols

dataseg 00000000

Symbol: dataseg
   Definitions
      At line 21 in file q3(reverse).asm
   Uses
      None
Comment: dataseg unused
src 00000000

Symbol: src
   Definitions
      At line 22 in file q3(reverse).asm
   Uses
      At line 11 in file q3(reverse).asm
      At line 12 in file q3(reverse).asm

2 symbols
341 symbols in table
