


ARM Macro Assembler    Page 1 


    1 00000000                 AREA             RESET,DATA,READONLY
    2 00000000                 EXPORT           __Vectors
    3 00000000         __Vectors
    4 00000000 10004000        DCD              0x10004000
    5 00000004 00000000        DCD              Reset_Handler
    6 00000008                 ALIGN
    7 00000008                 AREA             mycode,CODE,READONLY
    8 00000000                 ENTRY
    9 00000000                 EXPORT           Reset_Handler
   10 00000000         Reset_Handler
   11 00000000 480D            ldr              r0,=num
   12 00000002 490E            ldr              r1,=ans
   13 00000004 6802            ldr              r2,[r0]
   14 00000006 F04F 0301       mov              r3,#1       ; to store the fina
                                                            l answer
   15 0000000A F8DF D034       ldr              r13,=0x10001000 ; Initialize St
                                                            ack Pointer
   16 0000000E F000 F802       bl               fact
   17 00000012 600B            str              r3,[r1]
   18 00000014 E7FE    stop    b                stop
   19 00000016         
   20 00000016 B500    fact    push             {r14}       ; push link registe
                                                            r
   21 00000018 B404            push             {r2}
   22 0000001A F1A2 0201       sub              r2,#1
   23 0000001E 2A01            cmp              r2,#1
   24 00000020 D001            beq              done
   25 00000022 F7FF FFF8       bl               fact
   26 00000026 BC04    done    pop              {r2}
   27 00000028 F85D EB04       pop              {r14}
   28 0000002C FB03 F302       mul              r3,r2       ; Pop and multiply 
                                                            the ans recursively
                                                            
   29 00000030 4770            bx               lr
   30 00000032         
   31 00000032 00 00 00000007 
                       num     dcd              0x07
   32 00000038 00000000 
              00000000 
              10001000         AREA             dataseg,DATA,READWRITE
   33 00000000 00000000 
                       ans     dcd              0x0
   34 00000004                 end
Command Line: --debug --xref --cpu=Cortex-M3 --apcs=interwork --depend=q3.d -oq
3.o -IC:\Keil\ARM\RV31\INC -IC:\Keil\ARM\CMSIS\Include -IC:\Keil\ARM\Inc\NXP\LP
C17xx --predefine="__EVAL SETA 1" --list=q3.lst q3.asm



ARM Macro Assembler    Page 1 Alphabetic symbol ordering
Relocatable symbols

RESET 00000000

Symbol: RESET
   Definitions
      At line 1 in file q3.asm
   Uses
      None
Comment: RESET unused
__Vectors 00000000

Symbol: __Vectors
   Definitions
      At line 3 in file q3.asm
   Uses
      At line 2 in file q3.asm
Comment: __Vectors used once
2 symbols



ARM Macro Assembler    Page 1 Alphabetic symbol ordering
Relocatable symbols

Reset_Handler 00000000

Symbol: Reset_Handler
   Definitions
      At line 10 in file q3.asm
   Uses
      At line 5 in file q3.asm
      At line 9 in file q3.asm

done 00000026

Symbol: done
   Definitions
      At line 26 in file q3.asm
   Uses
      At line 24 in file q3.asm
Comment: done used once
fact 00000016

Symbol: fact
   Definitions
      At line 20 in file q3.asm
   Uses
      At line 16 in file q3.asm
      At line 25 in file q3.asm

mycode 00000000

Symbol: mycode
   Definitions
      At line 7 in file q3.asm
   Uses
      None
Comment: mycode unused
num 00000034

Symbol: num
   Definitions
      At line 31 in file q3.asm
   Uses
      At line 11 in file q3.asm
Comment: num used once
stop 00000014

Symbol: stop
   Definitions
      At line 18 in file q3.asm
   Uses
      At line 18 in file q3.asm
Comment: stop used once
6 symbols



ARM Macro Assembler    Page 1 Alphabetic symbol ordering
Relocatable symbols

ans 00000000

Symbol: ans
   Definitions
      At line 33 in file q3.asm
   Uses
      At line 12 in file q3.asm
Comment: ans used once
dataseg 00000000

Symbol: dataseg
   Definitions
      At line 32 in file q3.asm
   Uses
      None
Comment: dataseg unused
2 symbols
343 symbols in table
